[0.126s] DEBUG:colcon:Command line arguments: ['/usr/bin/colcon', 'build', '--packages-select', 'pel_ros2']
[0.126s] DEBUG:colcon:Parsed command line arguments: Namespace(log_base=None, log_level=None, verb_name='build', build_base='build', install_base='install', merge_install=False, symlink_install=False, test_result_base=None, continue_on_error=False, executor='parallel', parallel_workers=28, event_handlers=None, ignore_user_meta=False, metas=['./colcon.meta'], base_paths=['.'], packages_ignore=None, packages_ignore_regex=None, paths=None, packages_up_to=None, packages_up_to_regex=None, packages_above=None, packages_above_and_dependencies=None, packages_above_depth=None, packages_select_by_dep=None, packages_skip_by_dep=None, packages_skip_up_to=None, packages_select_build_failed=False, packages_skip_build_finished=False, packages_select_test_failures=False, packages_skip_test_passed=False, packages_select=['pel_ros2'], packages_skip=None, packages_select_regex=None, packages_skip_regex=None, packages_start=None, packages_end=None, allow_overriding=[], cmake_args=None, cmake_target=None, cmake_target_skip_unavailable=False, cmake_clean_cache=False, cmake_clean_first=False, cmake_force_configure=False, ament_cmake_args=None, catkin_cmake_args=None, catkin_skip_building_tests=False, mixin_files=None, mixin=None, verb_parser=<colcon_mixin.mixin.mixin_argument.MixinArgumentDecorator object at 0x773c032b90c0>, verb_extension=<colcon_core.verb.build.BuildVerb object at 0x773c032b8b50>, main=<bound method BuildVerb.main of <colcon_core.verb.build.BuildVerb object at 0x773c032b8b50>>, mixin_verb=('build',))
[0.302s] Level 1:colcon.colcon_core.package_discovery:discover_packages(colcon_meta) check parameters
[0.302s] Level 1:colcon.colcon_core.package_discovery:discover_packages(recursive) check parameters
[0.302s] Level 1:colcon.colcon_core.package_discovery:discover_packages(ignore) check parameters
[0.302s] Level 1:colcon.colcon_core.package_discovery:discover_packages(path) check parameters
[0.302s] Level 1:colcon.colcon_core.package_discovery:discover_packages(colcon_meta) discover
[0.302s] Level 1:colcon.colcon_core.package_discovery:discover_packages(recursive) discover
[0.302s] INFO:colcon.colcon_core.package_discovery:Crawling recursively for packages in '/home/kai/ros2_phd/src/pel_ros/pel_ros2/orka'
[0.302s] Level 1:colcon.colcon_core.package_identification:_identify(.) by extensions ['ignore', 'ignore_ament_install']
[0.302s] Level 1:colcon.colcon_core.package_identification:_identify(.) by extension 'ignore'
[0.302s] Level 1:colcon.colcon_core.package_identification:_identify(.) by extension 'ignore_ament_install'
[0.302s] Level 1:colcon.colcon_core.package_identification:_identify(.) by extensions ['colcon_pkg']
[0.302s] Level 1:colcon.colcon_core.package_identification:_identify(.) by extension 'colcon_pkg'
[0.302s] Level 1:colcon.colcon_core.package_identification:_identify(.) by extensions ['colcon_meta']
[0.302s] Level 1:colcon.colcon_core.package_identification:_identify(.) by extension 'colcon_meta'
[0.302s] Level 1:colcon.colcon_core.package_identification:_identify(.) by extensions ['ros']
[0.302s] Level 1:colcon.colcon_core.package_identification:_identify(.) by extension 'ros'
[0.330s] Level 1:colcon.colcon_core.package_identification:_identify(.) by extensions ['cmake', 'python']
[0.330s] Level 1:colcon.colcon_core.package_identification:_identify(.) by extension 'cmake'
[0.331s] Level 1:colcon.colcon_core.package_identification:_identify(.) by extension 'python'
[0.331s] Level 1:colcon.colcon_core.package_identification:_identify(.) by extensions ['python_setup_py']
[0.331s] Level 1:colcon.colcon_core.package_identification:_identify(.) by extension 'python_setup_py'
[0.331s] Level 1:colcon.colcon_core.package_identification:_identify(__pycache__) by extensions ['ignore', 'ignore_ament_install']
[0.331s] Level 1:colcon.colcon_core.package_identification:_identify(__pycache__) by extension 'ignore'
[0.331s] Level 1:colcon.colcon_core.package_identification:_identify(__pycache__) by extension 'ignore_ament_install'
[0.331s] Level 1:colcon.colcon_core.package_identification:_identify(__pycache__) by extensions ['colcon_pkg']
[0.332s] Level 1:colcon.colcon_core.package_identification:_identify(__pycache__) by extension 'colcon_pkg'
[0.332s] Level 1:colcon.colcon_core.package_identification:_identify(__pycache__) by extensions ['colcon_meta']
[0.332s] Level 1:colcon.colcon_core.package_identification:_identify(__pycache__) by extension 'colcon_meta'
[0.332s] Level 1:colcon.colcon_core.package_identification:_identify(__pycache__) by extensions ['ros']
[0.332s] Level 1:colcon.colcon_core.package_identification:_identify(__pycache__) by extension 'ros'
[0.332s] Level 1:colcon.colcon_core.package_identification:_identify(__pycache__) by extensions ['cmake', 'python']
[0.332s] Level 1:colcon.colcon_core.package_identification:_identify(__pycache__) by extension 'cmake'
[0.332s] Level 1:colcon.colcon_core.package_identification:_identify(__pycache__) by extension 'python'
[0.332s] Level 1:colcon.colcon_core.package_identification:_identify(__pycache__) by extensions ['python_setup_py']
[0.332s] Level 1:colcon.colcon_core.package_identification:_identify(__pycache__) by extension 'python_setup_py'
[0.332s] Level 1:colcon.colcon_core.package_identification:_identify(build) by extensions ['ignore', 'ignore_ament_install']
[0.332s] Level 1:colcon.colcon_core.package_identification:_identify(build) by extension 'ignore'
[0.332s] Level 1:colcon.colcon_core.package_identification:_identify(build) ignored
[0.333s] Level 1:colcon.colcon_core.package_identification:_identify(install) by extensions ['ignore', 'ignore_ament_install']
[0.333s] Level 1:colcon.colcon_core.package_identification:_identify(install) by extension 'ignore'
[0.333s] Level 1:colcon.colcon_core.package_identification:_identify(install) ignored
[0.333s] Level 1:colcon.colcon_core.package_identification:_identify(log) by extensions ['ignore', 'ignore_ament_install']
[0.333s] Level 1:colcon.colcon_core.package_identification:_identify(log) by extension 'ignore'
[0.333s] Level 1:colcon.colcon_core.package_identification:_identify(log) ignored
[0.333s] Level 1:colcon.colcon_core.package_identification:_identify(ontology_building) by extensions ['ignore', 'ignore_ament_install']
[0.333s] Level 1:colcon.colcon_core.package_identification:_identify(ontology_building) by extension 'ignore'
[0.333s] Level 1:colcon.colcon_core.package_identification:_identify(ontology_building) by extension 'ignore_ament_install'
[0.333s] Level 1:colcon.colcon_core.package_identification:_identify(ontology_building) by extensions ['colcon_pkg']
[0.334s] Level 1:colcon.colcon_core.package_identification:_identify(ontology_building) by extension 'colcon_pkg'
[0.334s] Level 1:colcon.colcon_core.package_identification:_identify(ontology_building) by extensions ['colcon_meta']
[0.334s] Level 1:colcon.colcon_core.package_identification:_identify(ontology_building) by extension 'colcon_meta'
[0.334s] Level 1:colcon.colcon_core.package_identification:_identify(ontology_building) by extensions ['ros']
[0.334s] Level 1:colcon.colcon_core.package_identification:_identify(ontology_building) by extension 'ros'
[0.334s] Level 1:colcon.colcon_core.package_identification:_identify(ontology_building) by extensions ['cmake', 'python']
[0.334s] Level 1:colcon.colcon_core.package_identification:_identify(ontology_building) by extension 'cmake'
[0.334s] Level 1:colcon.colcon_core.package_identification:_identify(ontology_building) by extension 'python'
[0.334s] Level 1:colcon.colcon_core.package_identification:_identify(ontology_building) by extensions ['python_setup_py']
[0.334s] Level 1:colcon.colcon_core.package_identification:_identify(ontology_building) by extension 'python_setup_py'
[0.334s] Level 1:colcon.colcon_core.package_identification:_identify(ontology_building/__pycache__) by extensions ['ignore', 'ignore_ament_install']
[0.334s] Level 1:colcon.colcon_core.package_identification:_identify(ontology_building/__pycache__) by extension 'ignore'
[0.334s] Level 1:colcon.colcon_core.package_identification:_identify(ontology_building/__pycache__) by extension 'ignore_ament_install'
[0.334s] Level 1:colcon.colcon_core.package_identification:_identify(ontology_building/__pycache__) by extensions ['colcon_pkg']
[0.334s] Level 1:colcon.colcon_core.package_identification:_identify(ontology_building/__pycache__) by extension 'colcon_pkg'
[0.335s] Level 1:colcon.colcon_core.package_identification:_identify(ontology_building/__pycache__) by extensions ['colcon_meta']
[0.335s] Level 1:colcon.colcon_core.package_identification:_identify(ontology_building/__pycache__) by extension 'colcon_meta'
[0.335s] Level 1:colcon.colcon_core.package_identification:_identify(ontology_building/__pycache__) by extensions ['ros']
[0.335s] Level 1:colcon.colcon_core.package_identification:_identify(ontology_building/__pycache__) by extension 'ros'
[0.335s] Level 1:colcon.colcon_core.package_identification:_identify(ontology_building/__pycache__) by extensions ['cmake', 'python']
[0.335s] Level 1:colcon.colcon_core.package_identification:_identify(ontology_building/__pycache__) by extension 'cmake'
[0.335s] Level 1:colcon.colcon_core.package_identification:_identify(ontology_building/__pycache__) by extension 'python'
[0.335s] Level 1:colcon.colcon_core.package_identification:_identify(ontology_building/__pycache__) by extensions ['python_setup_py']
[0.335s] Level 1:colcon.colcon_core.package_identification:_identify(ontology_building/__pycache__) by extension 'python_setup_py'
[0.335s] Level 1:colcon.colcon_core.package_identification:_identify(ontology_building/external) by extensions ['ignore', 'ignore_ament_install']
[0.335s] Level 1:colcon.colcon_core.package_identification:_identify(ontology_building/external) by extension 'ignore'
[0.335s] Level 1:colcon.colcon_core.package_identification:_identify(ontology_building/external) by extension 'ignore_ament_install'
[0.335s] Level 1:colcon.colcon_core.package_identification:_identify(ontology_building/external) by extensions ['colcon_pkg']
[0.335s] Level 1:colcon.colcon_core.package_identification:_identify(ontology_building/external) by extension 'colcon_pkg'
[0.336s] Level 1:colcon.colcon_core.package_identification:_identify(ontology_building/external) by extensions ['colcon_meta']
[0.336s] Level 1:colcon.colcon_core.package_identification:_identify(ontology_building/external) by extension 'colcon_meta'
[0.336s] Level 1:colcon.colcon_core.package_identification:_identify(ontology_building/external) by extensions ['ros']
[0.336s] Level 1:colcon.colcon_core.package_identification:_identify(ontology_building/external) by extension 'ros'
[0.336s] Level 1:colcon.colcon_core.package_identification:_identify(ontology_building/external) by extensions ['cmake', 'python']
[0.336s] Level 1:colcon.colcon_core.package_identification:_identify(ontology_building/external) by extension 'cmake'
[0.336s] Level 1:colcon.colcon_core.package_identification:_identify(ontology_building/external) by extension 'python'
[0.336s] Level 1:colcon.colcon_core.package_identification:_identify(ontology_building/external) by extensions ['python_setup_py']
[0.336s] Level 1:colcon.colcon_core.package_identification:_identify(ontology_building/external) by extension 'python_setup_py'
[0.336s] Level 1:colcon.colcon_core.package_identification:_identify(ontology_manager) by extensions ['ignore', 'ignore_ament_install']
[0.336s] Level 1:colcon.colcon_core.package_identification:_identify(ontology_manager) by extension 'ignore'
[0.336s] Level 1:colcon.colcon_core.package_identification:_identify(ontology_manager) by extension 'ignore_ament_install'
[0.336s] Level 1:colcon.colcon_core.package_identification:_identify(ontology_manager) by extensions ['colcon_pkg']
[0.336s] Level 1:colcon.colcon_core.package_identification:_identify(ontology_manager) by extension 'colcon_pkg'
[0.336s] Level 1:colcon.colcon_core.package_identification:_identify(ontology_manager) by extensions ['colcon_meta']
[0.337s] Level 1:colcon.colcon_core.package_identification:_identify(ontology_manager) by extension 'colcon_meta'
[0.337s] Level 1:colcon.colcon_core.package_identification:_identify(ontology_manager) by extensions ['ros']
[0.337s] Level 1:colcon.colcon_core.package_identification:_identify(ontology_manager) by extension 'ros'
[0.337s] Level 1:colcon.colcon_core.package_identification:_identify(ontology_manager) by extensions ['cmake', 'python']
[0.337s] Level 1:colcon.colcon_core.package_identification:_identify(ontology_manager) by extension 'cmake'
[0.337s] Level 1:colcon.colcon_core.package_identification:_identify(ontology_manager) by extension 'python'
[0.337s] Level 1:colcon.colcon_core.package_identification:_identify(ontology_manager) by extensions ['python_setup_py']
[0.337s] Level 1:colcon.colcon_core.package_identification:_identify(ontology_manager) by extension 'python_setup_py'
[0.337s] Level 1:colcon.colcon_core.package_identification:_identify(ontology_manager/__pycache__) by extensions ['ignore', 'ignore_ament_install']
[0.337s] Level 1:colcon.colcon_core.package_identification:_identify(ontology_manager/__pycache__) by extension 'ignore'
[0.337s] Level 1:colcon.colcon_core.package_identification:_identify(ontology_manager/__pycache__) by extension 'ignore_ament_install'
[0.337s] Level 1:colcon.colcon_core.package_identification:_identify(ontology_manager/__pycache__) by extensions ['colcon_pkg']
[0.337s] Level 1:colcon.colcon_core.package_identification:_identify(ontology_manager/__pycache__) by extension 'colcon_pkg'
[0.337s] Level 1:colcon.colcon_core.package_identification:_identify(ontology_manager/__pycache__) by extensions ['colcon_meta']
[0.337s] Level 1:colcon.colcon_core.package_identification:_identify(ontology_manager/__pycache__) by extension 'colcon_meta'
[0.338s] Level 1:colcon.colcon_core.package_identification:_identify(ontology_manager/__pycache__) by extensions ['ros']
[0.338s] Level 1:colcon.colcon_core.package_identification:_identify(ontology_manager/__pycache__) by extension 'ros'
[0.338s] Level 1:colcon.colcon_core.package_identification:_identify(ontology_manager/__pycache__) by extensions ['cmake', 'python']
[0.338s] Level 1:colcon.colcon_core.package_identification:_identify(ontology_manager/__pycache__) by extension 'cmake'
[0.338s] Level 1:colcon.colcon_core.package_identification:_identify(ontology_manager/__pycache__) by extension 'python'
[0.338s] Level 1:colcon.colcon_core.package_identification:_identify(ontology_manager/__pycache__) by extensions ['python_setup_py']
[0.338s] Level 1:colcon.colcon_core.package_identification:_identify(ontology_manager/__pycache__) by extension 'python_setup_py'
[0.338s] Level 1:colcon.colcon_core.package_identification:_identify(owl) by extensions ['ignore', 'ignore_ament_install']
[0.338s] Level 1:colcon.colcon_core.package_identification:_identify(owl) by extension 'ignore'
[0.338s] Level 1:colcon.colcon_core.package_identification:_identify(owl) by extension 'ignore_ament_install'
[0.338s] Level 1:colcon.colcon_core.package_identification:_identify(owl) by extensions ['colcon_pkg']
[0.338s] Level 1:colcon.colcon_core.package_identification:_identify(owl) by extension 'colcon_pkg'
[0.338s] Level 1:colcon.colcon_core.package_identification:_identify(owl) by extensions ['colcon_meta']
[0.338s] Level 1:colcon.colcon_core.package_identification:_identify(owl) by extension 'colcon_meta'
[0.339s] Level 1:colcon.colcon_core.package_identification:_identify(owl) by extensions ['ros']
[0.339s] Level 1:colcon.colcon_core.package_identification:_identify(owl) by extension 'ros'
[0.339s] Level 1:colcon.colcon_core.package_identification:_identify(owl) by extensions ['cmake', 'python']
[0.339s] Level 1:colcon.colcon_core.package_identification:_identify(owl) by extension 'cmake'
[0.339s] Level 1:colcon.colcon_core.package_identification:_identify(owl) by extension 'python'
[0.339s] Level 1:colcon.colcon_core.package_identification:_identify(owl) by extensions ['python_setup_py']
[0.339s] Level 1:colcon.colcon_core.package_identification:_identify(owl) by extension 'python_setup_py'
[0.339s] Level 1:colcon.colcon_core.package_discovery:discover_packages(recursive) using defaults
[0.339s] Level 1:colcon.colcon_core.package_discovery:discover_packages(ignore) discover
[0.339s] Level 1:colcon.colcon_core.package_discovery:discover_packages(ignore) using defaults
[0.339s] Level 1:colcon.colcon_core.package_discovery:discover_packages(path) discover
[0.339s] Level 1:colcon.colcon_core.package_discovery:discover_packages(path) using defaults
[0.340s] WARNING:colcon.colcon_core.package_selection:ignoring unknown package 'pel_ros2' in --packages-select
[0.363s] Level 1:colcon.colcon_core.package_discovery:discover_packages(prefix_path) check parameters
[0.363s] Level 1:colcon.colcon_core.package_discovery:discover_packages(prefix_path) discover
[0.366s] DEBUG:colcon.colcon_installed_package_information.package_discovery:Found 22 installed packages in /home/kai/ros2_phd/install
[0.366s] DEBUG:colcon.colcon_installed_package_information.package_discovery:Found 2 installed packages in /home/kai/ros2_ws/install
[0.368s] DEBUG:colcon.colcon_installed_package_information.package_discovery:Found 440 installed packages in /opt/ros/humble
[0.371s] Level 1:colcon.colcon_core.package_discovery:discover_packages(prefix_path) using defaults
[0.419s] INFO:colcon.colcon_core.executor:Executing jobs using 'parallel' executor
[0.420s] DEBUG:colcon.colcon_parallel_executor.executor.parallel:run_until_complete
[0.421s] DEBUG:colcon.colcon_parallel_executor.executor.parallel:closing loop
[0.421s] DEBUG:colcon.colcon_parallel_executor.executor.parallel:loop closed
[0.421s] DEBUG:colcon.colcon_parallel_executor.executor.parallel:run_until_complete finished with '0'
[0.421s] DEBUG:colcon.colcon_core.event_reactor:joining thread
[0.428s] INFO:colcon.colcon_core.plugin_system:Skipping extension 'colcon_notification.desktop_notification.terminal_notifier': Not used on non-Darwin systems
[0.428s] INFO:colcon.colcon_core.plugin_system:Skipping extension 'colcon_notification.desktop_notification.win32': Not used on non-Windows systems
[0.428s] INFO:colcon.colcon_notification.desktop_notification:Sending desktop notification using 'notify2'
[0.447s] DEBUG:colcon.colcon_core.event_reactor:joined thread
[0.449s] INFO:colcon.colcon_core.plugin_system:Skipping extension 'colcon_core.shell.bat': Not used on non-Windows systems
[0.449s] INFO:colcon.colcon_core.shell:Creating prefix script '/home/kai/ros2_phd/src/pel_ros/pel_ros2/orka/install/local_setup.ps1'
[0.450s] INFO:colcon.colcon_core.shell:Creating prefix util module '/home/kai/ros2_phd/src/pel_ros/pel_ros2/orka/install/_local_setup_util_ps1.py'
[0.451s] INFO:colcon.colcon_core.shell:Creating prefix chain script '/home/kai/ros2_phd/src/pel_ros/pel_ros2/orka/install/setup.ps1'
[0.452s] INFO:colcon.colcon_core.shell:Creating prefix script '/home/kai/ros2_phd/src/pel_ros/pel_ros2/orka/install/local_setup.sh'
[0.453s] INFO:colcon.colcon_core.shell:Creating prefix util module '/home/kai/ros2_phd/src/pel_ros/pel_ros2/orka/install/_local_setup_util_sh.py'
[0.453s] INFO:colcon.colcon_core.shell:Creating prefix chain script '/home/kai/ros2_phd/src/pel_ros/pel_ros2/orka/install/setup.sh'
[0.454s] INFO:colcon.colcon_core.shell:Creating prefix script '/home/kai/ros2_phd/src/pel_ros/pel_ros2/orka/install/local_setup.bash'
[0.455s] INFO:colcon.colcon_core.shell:Creating prefix chain script '/home/kai/ros2_phd/src/pel_ros/pel_ros2/orka/install/setup.bash'
[0.457s] INFO:colcon.colcon_core.shell:Creating prefix script '/home/kai/ros2_phd/src/pel_ros/pel_ros2/orka/install/local_setup.zsh'
[0.457s] INFO:colcon.colcon_core.shell:Creating prefix chain script '/home/kai/ros2_phd/src/pel_ros/pel_ros2/orka/install/setup.zsh'
